[2026-03-02 01:07:41,782] 17 INFO - Starting data ingestion
[2026-03-02 01:07:41,782] 45 INFO - Reading data from database: KrishMitra and collection: Cropyield
[2026-03-02 01:07:44,609] 86 INFO - splitting the data into train and test set with test size 0.2
[2026-03-02 01:07:44,609] 87 INFO - exited the split_data_as_train_test method of DataIngestion class
[2026-03-02 01:07:44,625] 91 INFO - exporting the train and test file to path: Artifacts\03-02-2026-01-07-39\data_injestion\ingested\train.csv and Artifacts\03-02-2026-01-07-39\data_injestion\ingested\test.csv
[2026-03-02 01:07:44,784] 95 INFO - exported the train and test file successfully
[2026-03-02 01:07:44,799] 19 INFO - Data ingestion completed and artifact is DataIngestionArtifact(train_file_path='Artifacts\\03-02-2026-01-07-39\\data_injestion\\ingested\\train.csv', test_file_path='Artifacts\\03-02-2026-01-07-39\\data_injestion\\ingested\\test.csv')
[2026-03-02 01:07:44,799] 22 INFO - initate the data valiadtion
[2026-03-02 01:07:44,878] 93 INFO - validating training and testing data for number of columns
[2026-03-02 01:07:44,880] 36 INFO - number of columns in the schema: 13
[2026-03-02 01:07:44,880] 37 INFO - number of columns in the dataframe: 13
[2026-03-02 01:07:44,880] 36 INFO - number of columns in the schema: 13
[2026-03-02 01:07:44,880] 37 INFO - number of columns in the dataframe: 13
[2026-03-02 01:07:44,880] 103 INFO - validating training and testing data for numeric columns
[2026-03-02 01:07:44,880] 48 INFO - numeric columns in the schema: ['Crop_Year', 'Area', 'Production', 'Annual_Rainfall', 'Fertilizer', 'Pesticide', 'Yield', 'Avg_Temperature', 'Max_Temperature', 'Min_Temperature']
[2026-03-02 01:07:44,880] 50 INFO - numeric columns in the dataframe: ['Crop_Year', 'Area', 'Production', 'Annual_Rainfall', 'Fertilizer', 'Pesticide', 'Yield', 'Avg_Temperature', 'Max_Temperature', 'Min_Temperature']
[2026-03-02 01:07:44,880] 48 INFO - numeric columns in the schema: ['Crop_Year', 'Area', 'Production', 'Annual_Rainfall', 'Fertilizer', 'Pesticide', 'Yield', 'Avg_Temperature', 'Max_Temperature', 'Min_Temperature']
[2026-03-02 01:07:44,880] 50 INFO - numeric columns in the dataframe: ['Crop_Year', 'Area', 'Production', 'Annual_Rainfall', 'Fertilizer', 'Pesticide', 'Yield', 'Avg_Temperature', 'Max_Temperature', 'Min_Temperature']
[2026-03-02 01:07:45,274] 24 INFO - Data validation completed and artifact is DataValidationArtifact(validation_status=False, valid_train_file_path='Artifacts\\03-02-2026-01-07-39\\data_validation\\validated\\train.csv', valid_test_file_path='Artifacts\\03-02-2026-01-07-39\\data_validation\\validated\\test.csv', invalid_train_file_path=None, invalid_test_file_path=None, drift_report_file_path='Artifacts\\03-02-2026-01-07-39\\data_validation\\report.yaml')
[2026-03-02 01:07:45,274] 27 INFO - data transformation has been started.
[2026-03-02 01:07:45,274] 28 INFO - Data Transformation initialized
[2026-03-02 01:07:45,274] 130 INFO - Data Transformation started
[2026-03-02 01:07:45,406] 99 INFO - Using NUM columns: ['Crop_Year', 'Area', 'Annual_Rainfall', 'Fertilizer', 'Pesticide', 'Avg_Temperature', 'Max_Temperature', 'Min_Temperature']
[2026-03-02 01:07:45,406] 100 INFO - Using CAT columns: ['Crop', 'Season', 'State']
