[2026-03-02 01:12:01,027] 17 INFO - Starting data ingestion
[2026-03-02 01:12:01,027] 45 INFO - Reading data from database: KrishMitra and collection: Cropyield
[2026-03-02 01:12:03,779] 86 INFO - splitting the data into train and test set with test size 0.2
[2026-03-02 01:12:03,779] 87 INFO - exited the split_data_as_train_test method of DataIngestion class
[2026-03-02 01:12:03,779] 91 INFO - exporting the train and test file to path: Artifacts\03-02-2026-01-11-58\data_injestion\ingested\train.csv and Artifacts\03-02-2026-01-11-58\data_injestion\ingested\test.csv
[2026-03-02 01:12:03,986] 95 INFO - exported the train and test file successfully
[2026-03-02 01:12:03,996] 19 INFO - Data ingestion completed and artifact is DataIngestionArtifact(train_file_path='Artifacts\\03-02-2026-01-11-58\\data_injestion\\ingested\\train.csv', test_file_path='Artifacts\\03-02-2026-01-11-58\\data_injestion\\ingested\\test.csv')
[2026-03-02 01:12:03,998] 22 INFO - initate the data valiadtion
[2026-03-02 01:12:04,083] 93 INFO - validating training and testing data for number of columns
[2026-03-02 01:12:04,085] 36 INFO - number of columns in the schema: 13
[2026-03-02 01:12:04,085] 37 INFO - number of columns in the dataframe: 13
[2026-03-02 01:12:04,085] 36 INFO - number of columns in the schema: 13
[2026-03-02 01:12:04,085] 37 INFO - number of columns in the dataframe: 13
[2026-03-02 01:12:04,085] 103 INFO - validating training and testing data for numeric columns
[2026-03-02 01:12:04,085] 48 INFO - numeric columns in the schema: ['Crop_Year', 'Area', 'Production', 'Annual_Rainfall', 'Fertilizer', 'Pesticide', 'Yield', 'Avg_Temperature', 'Max_Temperature', 'Min_Temperature']
[2026-03-02 01:12:04,085] 50 INFO - numeric columns in the dataframe: ['Crop_Year', 'Area', 'Production', 'Annual_Rainfall', 'Fertilizer', 'Pesticide', 'Yield', 'Avg_Temperature', 'Max_Temperature', 'Min_Temperature']
[2026-03-02 01:12:04,085] 48 INFO - numeric columns in the schema: ['Crop_Year', 'Area', 'Production', 'Annual_Rainfall', 'Fertilizer', 'Pesticide', 'Yield', 'Avg_Temperature', 'Max_Temperature', 'Min_Temperature']
[2026-03-02 01:12:04,085] 50 INFO - numeric columns in the dataframe: ['Crop_Year', 'Area', 'Production', 'Annual_Rainfall', 'Fertilizer', 'Pesticide', 'Yield', 'Avg_Temperature', 'Max_Temperature', 'Min_Temperature']
[2026-03-02 01:12:04,372] 24 INFO - Data validation completed and artifact is DataValidationArtifact(validation_status=True, valid_train_file_path='Artifacts\\03-02-2026-01-11-58\\data_validation\\validated\\train.csv', valid_test_file_path='Artifacts\\03-02-2026-01-11-58\\data_validation\\validated\\test.csv', invalid_train_file_path=None, invalid_test_file_path=None, drift_report_file_path='Artifacts\\03-02-2026-01-11-58\\data_validation\\report.yaml')
[2026-03-02 01:12:04,372] 27 INFO - data transformation has been started.
[2026-03-02 01:12:04,372] 28 INFO - Data Transformation initialized
[2026-03-02 01:12:04,372] 115 INFO - Data Transformation started
[2026-03-02 01:12:04,494] 88 INFO - NUM columns: ['Crop_Year', 'Area', 'Annual_Rainfall', 'Fertilizer', 'Pesticide', 'Avg_Temperature', 'Max_Temperature', 'Min_Temperature']
[2026-03-02 01:12:04,494] 89 INFO - CAT columns: ['Crop', 'Season', 'State']
[2026-03-02 01:12:04,583] 59 INFO - enter into the save_object method of utils module to pickle the object
[2026-03-02 01:12:04,584] 64 INFO - exit from the save_object method of utils module after pickling the object
[2026-03-02 01:12:04,584] 182 INFO - Data Transformation completed successfully
[2026-03-02 01:12:04,589] 31 INFO - data transformation completed and artifact is DataTransformationArtifact(transformed_object_file_path='Artifacts\\03-02-2026-01-11-58\\data_transformation\\transformed_object\\processor.pkl', transformed_train_file_path='Artifacts\\03-02-2026-01-11-58\\data_transformation\\transformed\\train.npy', transformed_test_file_path='Artifacts\\03-02-2026-01-11-58\\data_transformation\\transformed\\test.npy')
