[2026-03-02 00:30:31,835] 17 INFO - Starting data ingestion
[2026-03-02 00:30:31,835] 45 INFO - Reading data from database: KrishMitra and collection: Cropyield
[2026-03-02 00:30:35,222] 86 INFO - splitting the data into train and test set with test size 0.2
[2026-03-02 00:30:35,222] 87 INFO - exited the split_data_as_train_test method of DataIngestion class
[2026-03-02 00:30:35,222] 91 INFO - exporting the train and test file to path: Artifacts\03-02-2026-00-30-29\data_injestion\ingested\train.csv and Artifacts\03-02-2026-00-30-29\data_injestion\ingested\test.csv
[2026-03-02 00:30:35,459] 95 INFO - exported the train and test file successfully
[2026-03-02 00:30:35,472] 19 INFO - Data ingestion completed and artifact is DataIngestionArtifact(train_file_path='Artifacts\\03-02-2026-00-30-29\\data_injestion\\ingested\\train.csv', test_file_path='Artifacts\\03-02-2026-00-30-29\\data_injestion\\ingested\\test.csv')
[2026-03-02 00:30:35,477] 22 INFO - initate the data valiadtion
[2026-03-02 00:30:35,558] 93 INFO - validating training and testing data for number of columns
[2026-03-02 00:30:35,558] 36 INFO - number of columns in the schema: 13
[2026-03-02 00:30:35,558] 37 INFO - number of columns in the dataframe: 13
[2026-03-02 00:30:35,558] 36 INFO - number of columns in the schema: 13
[2026-03-02 00:30:35,558] 37 INFO - number of columns in the dataframe: 13
[2026-03-02 00:30:35,558] 103 INFO - validating training and testing data for numeric columns
[2026-03-02 00:30:35,558] 48 INFO - numeric columns in the schema: ['Crop_Year', 'Area', 'Production', 'Annual_Rainfall', 'Fertilizer', 'Pesticide', 'Yield', 'Avg_Temperature', 'Max_Temperature', 'Min_Temperature']
[2026-03-02 00:30:35,558] 50 INFO - numeric columns in the dataframe: ['Crop_Year', 'Area', 'Production', 'Annual_Rainfall', 'Fertilizer', 'Pesticide', 'Yield', 'Avg_Temperature', 'Max_Temperature', 'Min_Temperature']
[2026-03-02 00:30:35,558] 48 INFO - numeric columns in the schema: ['Crop_Year', 'Area', 'Production', 'Annual_Rainfall', 'Fertilizer', 'Pesticide', 'Yield', 'Avg_Temperature', 'Max_Temperature', 'Min_Temperature']
[2026-03-02 00:30:35,558] 50 INFO - numeric columns in the dataframe: ['Crop_Year', 'Area', 'Production', 'Annual_Rainfall', 'Fertilizer', 'Pesticide', 'Yield', 'Avg_Temperature', 'Max_Temperature', 'Min_Temperature']
[2026-03-02 00:30:35,880] 24 INFO - Data validation completed and artifact is DataValidationArtifact(validation_status=False, valid_train_file_path='Artifacts\\03-02-2026-00-30-29\\data_validation\\validated\\train.csv', valid_test_file_path='Artifacts\\03-02-2026-00-30-29\\data_validation\\validated\\test.csv', invalid_train_file_path=None, invalid_test_file_path=None, drift_report_file_path='Artifacts\\03-02-2026-00-30-29\\data_validation\\report.yaml')
[2026-03-02 00:30:35,893] 27 INFO - data transformation has been started.
[2026-03-02 00:30:35,893] 29 INFO - Data Transformation class initialized
[2026-03-02 00:30:35,893] 113 INFO - Data Transformation started
[2026-03-02 00:30:35,894] 41 INFO - Reading data from Artifacts\03-02-2026-00-30-29\data_validation\validated\train.csv
[2026-03-02 00:30:35,941] 41 INFO - Reading data from Artifacts\03-02-2026-00-30-29\data_validation\validated\test.csv
[2026-03-02 00:30:35,973] 51 INFO - Outlier handling using capping started
[2026-03-02 00:30:35,990] 68 INFO - Outlier handling completed
[2026-03-02 00:30:35,990] 79 INFO - Creating preprocessing pipeline
