[2026-03-02 00:55:29,892] 17 INFO - Starting data ingestion
[2026-03-02 00:55:29,892] 45 INFO - Reading data from database: KrishMitra and collection: Cropyield
[2026-03-02 00:55:32,671] 86 INFO - splitting the data into train and test set with test size 0.2
[2026-03-02 00:55:32,671] 87 INFO - exited the split_data_as_train_test method of DataIngestion class
[2026-03-02 00:55:32,671] 91 INFO - exporting the train and test file to path: Artifacts\03-02-2026-00-55-27\data_injestion\ingested\train.csv and Artifacts\03-02-2026-00-55-27\data_injestion\ingested\test.csv
[2026-03-02 00:55:32,830] 95 INFO - exported the train and test file successfully
[2026-03-02 00:55:32,843] 19 INFO - Data ingestion completed and artifact is DataIngestionArtifact(train_file_path='Artifacts\\03-02-2026-00-55-27\\data_injestion\\ingested\\train.csv', test_file_path='Artifacts\\03-02-2026-00-55-27\\data_injestion\\ingested\\test.csv')
[2026-03-02 00:55:32,843] 22 INFO - initate the data valiadtion
[2026-03-02 00:55:32,939] 93 INFO - validating training and testing data for number of columns
[2026-03-02 00:55:32,939] 36 INFO - number of columns in the schema: 13
[2026-03-02 00:55:32,939] 37 INFO - number of columns in the dataframe: 13
[2026-03-02 00:55:32,939] 36 INFO - number of columns in the schema: 13
[2026-03-02 00:55:32,939] 37 INFO - number of columns in the dataframe: 13
[2026-03-02 00:55:32,939] 103 INFO - validating training and testing data for numeric columns
[2026-03-02 00:55:32,939] 48 INFO - numeric columns in the schema: ['Crop_Year', 'Area', 'Production', 'Annual_Rainfall', 'Fertilizer', 'Pesticide', 'Yield', 'Avg_Temperature', 'Max_Temperature', 'Min_Temperature']
[2026-03-02 00:55:32,939] 50 INFO - numeric columns in the dataframe: ['Crop_Year', 'Area', 'Production', 'Annual_Rainfall', 'Fertilizer', 'Pesticide', 'Yield', 'Avg_Temperature', 'Max_Temperature', 'Min_Temperature']
[2026-03-02 00:55:32,939] 48 INFO - numeric columns in the schema: ['Crop_Year', 'Area', 'Production', 'Annual_Rainfall', 'Fertilizer', 'Pesticide', 'Yield', 'Avg_Temperature', 'Max_Temperature', 'Min_Temperature']
[2026-03-02 00:55:32,939] 50 INFO - numeric columns in the dataframe: ['Crop_Year', 'Area', 'Production', 'Annual_Rainfall', 'Fertilizer', 'Pesticide', 'Yield', 'Avg_Temperature', 'Max_Temperature', 'Min_Temperature']
[2026-03-02 00:55:33,231] 24 INFO - Data validation completed and artifact is DataValidationArtifact(validation_status=False, valid_train_file_path='Artifacts\\03-02-2026-00-55-27\\data_validation\\validated\\train.csv', valid_test_file_path='Artifacts\\03-02-2026-00-55-27\\data_validation\\validated\\test.csv', invalid_train_file_path=None, invalid_test_file_path=None, drift_report_file_path='Artifacts\\03-02-2026-00-55-27\\data_validation\\report.yaml')
[2026-03-02 00:55:33,233] 27 INFO - data transformation has been started.
[2026-03-02 00:55:33,233] 28 INFO - Data Transformation initialized
[2026-03-02 00:55:33,233] 111 INFO - Data Transformation started
[2026-03-02 00:55:33,379] 83 INFO - NUM FEATURES USED: ['Crop_Year', 'Area', 'Annual_Rainfall', 'Fertilizer', 'Pesticide', 'Avg_Temperature', 'Max_Temperature', 'Min_Temperature']
[2026-03-02 00:55:33,379] 84 INFO - CAT FEATURES USED: ['Crop', 'Season', 'State']
