[2026-03-02 00:25:06,988] 17 INFO - Starting data ingestion
[2026-03-02 00:25:06,988] 45 INFO - Reading data from database: KrishMitra and collection: Cropyield
[2026-03-02 00:25:11,989] 86 INFO - splitting the data into train and test set with test size 0.2
[2026-03-02 00:25:11,989] 87 INFO - exited the split_data_as_train_test method of DataIngestion class
[2026-03-02 00:25:11,989] 91 INFO - exporting the train and test file to path: Artifacts\03-02-2026-00-25-04\data_injestion\ingested\train.csv and Artifacts\03-02-2026-00-25-04\data_injestion\ingested\test.csv
[2026-03-02 00:25:12,144] 95 INFO - exported the train and test file successfully
[2026-03-02 00:25:12,176] 19 INFO - Data ingestion completed and artifact is DataIngestionArtifact(train_file_path='Artifacts\\03-02-2026-00-25-04\\data_injestion\\ingested\\train.csv', test_file_path='Artifacts\\03-02-2026-00-25-04\\data_injestion\\ingested\\test.csv')
[2026-03-02 00:25:12,188] 22 INFO - initate the data valiadtion
[2026-03-02 00:25:12,271] 93 INFO - validating training and testing data for number of columns
[2026-03-02 00:25:12,271] 36 INFO - number of columns in the schema: 13
[2026-03-02 00:25:12,271] 37 INFO - number of columns in the dataframe: 13
[2026-03-02 00:25:12,271] 36 INFO - number of columns in the schema: 13
[2026-03-02 00:25:12,271] 37 INFO - number of columns in the dataframe: 13
[2026-03-02 00:25:12,271] 103 INFO - validating training and testing data for numeric columns
[2026-03-02 00:25:12,271] 48 INFO - numeric columns in the schema: ['Crop_Year', 'Area', 'Production', 'Annual_Rainfall', 'Fertilizer', 'Pesticide', 'Yield', 'Avg_Temperature', 'Max_Temperature', 'Min_Temperature']
[2026-03-02 00:25:12,271] 50 INFO - numeric columns in the dataframe: ['Crop_Year', 'Area', 'Production', 'Annual_Rainfall', 'Fertilizer', 'Pesticide', 'Yield', 'Avg_Temperature', 'Max_Temperature', 'Min_Temperature']
[2026-03-02 00:25:12,271] 48 INFO - numeric columns in the schema: ['Crop_Year', 'Area', 'Production', 'Annual_Rainfall', 'Fertilizer', 'Pesticide', 'Yield', 'Avg_Temperature', 'Max_Temperature', 'Min_Temperature']
[2026-03-02 00:25:12,271] 50 INFO - numeric columns in the dataframe: ['Crop_Year', 'Area', 'Production', 'Annual_Rainfall', 'Fertilizer', 'Pesticide', 'Yield', 'Avg_Temperature', 'Max_Temperature', 'Min_Temperature']
[2026-03-02 00:25:12,598] 24 INFO - Data validation completed and artifact is DataValidationArtifact(validation_status=False, valid_train_file_path='Artifacts\\03-02-2026-00-25-04\\data_validation\\validated\\train.csv', valid_test_file_path='Artifacts\\03-02-2026-00-25-04\\data_validation\\validated\\test.csv', invalid_train_file_path=None, invalid_test_file_path=None, drift_report_file_path='Artifacts\\03-02-2026-00-25-04\\data_validation\\report.yaml')
[2026-03-02 00:25:12,598] 27 INFO - data transformation has been started.
[2026-03-02 00:25:12,598] 29 INFO - Data Transformation class initialized
[2026-03-02 00:25:12,598] 112 INFO - Data Transformation started
[2026-03-02 00:25:12,598] 41 INFO - Reading data from Artifacts\03-02-2026-00-25-04\data_validation\validated\train.csv
[2026-03-02 00:25:12,654] 41 INFO - Reading data from Artifacts\03-02-2026-00-25-04\data_validation\validated\test.csv
[2026-03-02 00:25:12,687] 51 INFO - Outlier removal started
[2026-03-02 00:25:12,725] 67 INFO - Outlier removal completed
[2026-03-02 00:25:12,735] 78 INFO - Creating preprocessing pipeline
