[2026-03-02 00:41:29,554] 17 INFO - Starting data ingestion
[2026-03-02 00:41:29,554] 45 INFO - Reading data from database: KrishMitra and collection: Cropyield
[2026-03-02 00:41:33,199] 86 INFO - splitting the data into train and test set with test size 0.2
[2026-03-02 00:41:33,199] 87 INFO - exited the split_data_as_train_test method of DataIngestion class
[2026-03-02 00:41:33,199] 91 INFO - exporting the train and test file to path: Artifacts\03-02-2026-00-41-26\data_injestion\ingested\train.csv and Artifacts\03-02-2026-00-41-26\data_injestion\ingested\test.csv
[2026-03-02 00:41:33,419] 95 INFO - exported the train and test file successfully
[2026-03-02 00:41:33,431] 19 INFO - Data ingestion completed and artifact is DataIngestionArtifact(train_file_path='Artifacts\\03-02-2026-00-41-26\\data_injestion\\ingested\\train.csv', test_file_path='Artifacts\\03-02-2026-00-41-26\\data_injestion\\ingested\\test.csv')
[2026-03-02 00:41:33,435] 22 INFO - initate the data valiadtion
[2026-03-02 00:41:33,530] 93 INFO - validating training and testing data for number of columns
[2026-03-02 00:41:33,530] 36 INFO - number of columns in the schema: 13
[2026-03-02 00:41:33,530] 37 INFO - number of columns in the dataframe: 13
[2026-03-02 00:41:33,530] 36 INFO - number of columns in the schema: 13
[2026-03-02 00:41:33,530] 37 INFO - number of columns in the dataframe: 13
[2026-03-02 00:41:33,530] 103 INFO - validating training and testing data for numeric columns
[2026-03-02 00:41:33,530] 48 INFO - numeric columns in the schema: ['Crop_Year', 'Area', 'Production', 'Annual_Rainfall', 'Fertilizer', 'Pesticide', 'Yield', 'Avg_Temperature', 'Max_Temperature', 'Min_Temperature']
[2026-03-02 00:41:33,530] 50 INFO - numeric columns in the dataframe: ['Crop_Year', 'Area', 'Production', 'Annual_Rainfall', 'Fertilizer', 'Pesticide', 'Yield', 'Avg_Temperature', 'Max_Temperature', 'Min_Temperature']
[2026-03-02 00:41:33,530] 48 INFO - numeric columns in the schema: ['Crop_Year', 'Area', 'Production', 'Annual_Rainfall', 'Fertilizer', 'Pesticide', 'Yield', 'Avg_Temperature', 'Max_Temperature', 'Min_Temperature']
[2026-03-02 00:41:33,530] 50 INFO - numeric columns in the dataframe: ['Crop_Year', 'Area', 'Production', 'Annual_Rainfall', 'Fertilizer', 'Pesticide', 'Yield', 'Avg_Temperature', 'Max_Temperature', 'Min_Temperature']
[2026-03-02 00:41:33,872] 24 INFO - Data validation completed and artifact is DataValidationArtifact(validation_status=True, valid_train_file_path='Artifacts\\03-02-2026-00-41-26\\data_validation\\validated\\train.csv', valid_test_file_path='Artifacts\\03-02-2026-00-41-26\\data_validation\\validated\\test.csv', invalid_train_file_path=None, invalid_test_file_path=None, drift_report_file_path='Artifacts\\03-02-2026-00-41-26\\data_validation\\report.yaml')
[2026-03-02 00:41:33,872] 27 INFO - data transformation has been started.
[2026-03-02 00:41:33,872] 26 INFO - Data Transformation class initialized
[2026-03-02 00:41:33,872] 108 INFO - Data Transformation started
